#-----------------------------------------------------------
# Webtalk v2020.1.1 (64-bit)
# SW Build 2960000 on Wed Aug  5 22:57:20 MDT 2020
# IP Build 2956692 on Thu Aug  6 01:41:30 MDT 2020
# Start of session at: Thu Nov 19 15:36:12 2020
# Process ID: 15848
# Current directory: C:/Users/mybur/Work/casper_dspdevel/casper_wb_fft_no_ss/casper_wb_fft_no_ss/casper_wb_fft_no_ss.sim/sim_1/behav/xsim
# Command line: wbtcv.exe -mode batch -source C:/Users/mybur/Work/casper_dspdevel/casper_wb_fft_no_ss/casper_wb_fft_no_ss/casper_wb_fft_no_ss.sim/sim_1/behav/xsim/xsim.dir/fft_wide_unit_behav/webtalk/xsim_webtalk.tcl -notrace
# Log file: C:/Users/mybur/Work/casper_dspdevel/casper_wb_fft_no_ss/casper_wb_fft_no_ss/casper_wb_fft_no_ss.sim/sim_1/behav/xsim/webtalk.log
# Journal file: C:/Users/mybur/Work/casper_dspdevel/casper_wb_fft_no_ss/casper_wb_fft_no_ss/casper_wb_fft_no_ss.sim/sim_1/behav/xsim\webtalk.jou
#-----------------------------------------------------------
source C:/Users/mybur/Work/casper_dspdevel/casper_wb_fft_no_ss/casper_wb_fft_no_ss/casper_wb_fft_no_ss.sim/sim_1/behav/xsim/xsim.dir/fft_wide_unit_behav/webtalk/xsim_webtalk.tcl -notrace
