#-----------------------------------------------------------
# Webtalk v2019.1 (64-bit)
# SW Build 2552052 on Fri May 24 14:47:09 MDT 2019
# IP Build 2548770 on Fri May 24 18:01:18 MDT 2019
# Start of session at: Tue Aug 11 11:06:31 2020
# Process ID: 23942
# Current directory: /home/talon/Documents/CASPERWORK/casper_dspdevel/casper_ram/casper_ram_proj/casper_ram_proj.sim/sim_1/behav/xsim
# Command line: wbtcv -mode batch -source /home/talon/Documents/CASPERWORK/casper_dspdevel/casper_ram/casper_ram_proj/casper_ram_proj.sim/sim_1/behav/xsim/xsim.dir/tb_common_paged_ram_crw_crw_behav/webtalk/xsim_webtalk.tcl -notrace
# Log file: /home/talon/Documents/CASPERWORK/casper_dspdevel/casper_ram/casper_ram_proj/casper_ram_proj.sim/sim_1/behav/xsim/webtalk.log
# Journal file: /home/talon/Documents/CASPERWORK/casper_dspdevel/casper_ram/casper_ram_proj/casper_ram_proj.sim/sim_1/behav/xsim/webtalk.jou
#-----------------------------------------------------------
source /home/talon/Documents/CASPERWORK/casper_dspdevel/casper_ram/casper_ram_proj/casper_ram_proj.sim/sim_1/behav/xsim/xsim.dir/tb_common_paged_ram_crw_crw_behav/webtalk/xsim_webtalk.tcl -notrace
