>/etc/ghdl-llvm/lib/ghdl/std/v08/
../../src/std/v08/textio.vhdl
>/etc/ghdl-llvm/lib/ghdl/std/v08/
../../src/std/v08/textio-body.vhdl
>/etc/ghdl-llvm/lib/ghdl/ieee/v08/
../../src/ieee2008/std_logic_1164.vhdl
>/etc/ghdl-llvm/lib/ghdl/ieee/v08/
../../src/ieee2008/std_logic_1164-body.vhdl
>/etc/ghdl-llvm/lib/ghdl/ieee/v08/
../../src/ieee2008/numeric_std.vhdl
>/etc/ghdl-llvm/lib/ghdl/ieee/v08/
../../src/ieee2008/numeric_std-body.vhdl
>/etc/ghdl-llvm/lib/ghdl/ieee/v08/
../../src/ieee2008/std_logic_textio.vhdl
>/etc/ghdl-llvm/lib/ghdl/ieee/v08/
../../src/ieee2008/math_real.vhdl
>/etc/ghdl-llvm/lib/ghdl/ieee/v08/
../../src/ieee2008/math_real-body.vhdl
>/home/talon/Documents/CASPERWORK/casper_dspdevel/r2SDF_fft/vunit_out/ghdl/libraries/common_pkg_lib/
/home/talon/Documents/CASPERWORK/casper_dspdevel/casper_common_pkg/common_pkg.vhd
>/home/talon/Documents/CASPERWORK/casper_dspdevel/r2SDF_fft/vunit_out/ghdl/libraries/common_pkg_lib/
/home/talon/Documents/CASPERWORK/casper_dspdevel/casper_common_pkg/common_lfsr_sequences_pkg.vhd
>/home/talon/Documents/CASPERWORK/casper_dspdevel/r2SDF_fft/vunit_out/ghdl/libraries/common_pkg_lib/
/home/talon/Documents/CASPERWORK/casper_dspdevel/casper_common_pkg/common_pkg_tb.vhd
>/home/talon/Documents/CASPERWORK/casper_dspdevel/r2SDF_fft/vunit_out/ghdl/libraries/r2sdf_fft_lib/
/home/talon/Documents/CASPERWORK/casper_dspdevel/r2SDF_fft/rTwoSDFPkg.vhd
>/home/talon/Documents/CASPERWORK/casper_dspdevel/r2SDF_fft/vunit_out/ghdl/libraries/r2sdf_fft_lib/
/home/talon/Documents/CASPERWORK/casper_dspdevel/r2SDF_fft/twiddlesPkg.vhd
>/home/talon/Documents/CASPERWORK/casper_dspdevel/r2SDF_fft/vunit_out/ghdl/libraries/vunit_lib/
/home/talon/anaconda3/lib/python3.7/site-packages/vunit_hdl-4.4.0-py3.7.egg/vunit/vhdl/data_types/src/types.vhd
>/home/talon/Documents/CASPERWORK/casper_dspdevel/r2SDF_fft/vunit_out/ghdl/libraries/vunit_lib/
/home/talon/anaconda3/lib/python3.7/site-packages/vunit_hdl-4.4.0-py3.7.egg/vunit/vhdl/data_types/src/api/external_integer_vector_pkg.vhd
>/etc/ghdl-llvm/lib/ghdl/ieee/v08/
../../src/ieee2008/math_complex.vhdl
>/etc/ghdl-llvm/lib/ghdl/ieee/v08/
../../src/ieee2008/math_complex-body.vhdl
>/etc/ghdl-llvm/lib/ghdl/ieee/v08/
../../src/ieee2008/numeric_bit.vhdl
>/etc/ghdl-llvm/lib/ghdl/ieee/v08/
../../src/ieee2008/numeric_bit-body.vhdl
>/home/talon/Documents/CASPERWORK/casper_dspdevel/r2SDF_fft/vunit_out/ghdl/libraries/vunit_lib/
/home/talon/anaconda3/lib/python3.7/site-packages/vunit_hdl-4.4.0-py3.7.egg/vunit/vhdl/data_types/src/codec_builder.vhd
>/home/talon/Documents/CASPERWORK/casper_dspdevel/r2SDF_fft/vunit_out/ghdl/libraries/vunit_lib/
/home/talon/anaconda3/lib/python3.7/site-packages/vunit_hdl-4.4.0-py3.7.egg/vunit/vhdl/data_types/src/codec.vhd
>/home/talon/Documents/CASPERWORK/casper_dspdevel/r2SDF_fft/vunit_out/ghdl/libraries/vunit_lib/
/home/talon/anaconda3/lib/python3.7/site-packages/vunit_hdl-4.4.0-py3.7.egg/vunit/vhdl/data_types/src/integer_vector_ptr_pkg.vhd
>/home/talon/Documents/CASPERWORK/casper_dspdevel/r2SDF_fft/vunit_out/ghdl/libraries/vunit_lib/
/home/talon/anaconda3/lib/python3.7/site-packages/vunit_hdl-4.4.0-py3.7.egg/vunit/vhdl/data_types/src/integer_vector_ptr_pkg-body-2002p.vhd
>/home/talon/Documents/CASPERWORK/casper_dspdevel/r2SDF_fft/vunit_out/ghdl/libraries/vunit_lib/
/home/talon/anaconda3/lib/python3.7/site-packages/vunit_hdl-4.4.0-py3.7.egg/vunit/vhdl/data_types/src/api/external_string_pkg.vhd
>/home/talon/Documents/CASPERWORK/casper_dspdevel/r2SDF_fft/vunit_out/ghdl/libraries/vunit_lib/
/home/talon/anaconda3/lib/python3.7/site-packages/vunit_hdl-4.4.0-py3.7.egg/vunit/vhdl/data_types/src/string_ptr_pkg.vhd
>/home/talon/Documents/CASPERWORK/casper_dspdevel/r2SDF_fft/vunit_out/ghdl/libraries/vunit_lib/
/home/talon/anaconda3/lib/python3.7/site-packages/vunit_hdl-4.4.0-py3.7.egg/vunit/vhdl/data_types/src/string_ptr_pkg-body-2002p.vhd
>/home/talon/Documents/CASPERWORK/casper_dspdevel/r2SDF_fft/vunit_out/ghdl/libraries/vunit_lib/
/home/talon/anaconda3/lib/python3.7/site-packages/vunit_hdl-4.4.0-py3.7.egg/vunit/vhdl/data_types/src/integer_array_pkg.vhd
>/home/talon/Documents/CASPERWORK/casper_dspdevel/r2SDF_fft/vunit_out/ghdl/libraries/vunit_lib/
/home/talon/anaconda3/lib/python3.7/site-packages/vunit_hdl-4.4.0-py3.7.egg/vunit/vhdl/data_types/src/integer_array_pkg-body.vhd
>/home/talon/Documents/CASPERWORK/casper_dspdevel/r2SDF_fft/vunit_out/ghdl/libraries/vunit_lib/
/home/talon/anaconda3/lib/python3.7/site-packages/vunit_hdl-4.4.0-py3.7.egg/vunit/vhdl/data_types/src/queue_pkg.vhd
>/home/talon/Documents/CASPERWORK/casper_dspdevel/r2SDF_fft/vunit_out/ghdl/libraries/vunit_lib/
/home/talon/anaconda3/lib/python3.7/site-packages/vunit_hdl-4.4.0-py3.7.egg/vunit/vhdl/data_types/src/queue_pkg-body.vhd
>/home/talon/Documents/CASPERWORK/casper_dspdevel/r2SDF_fft/vunit_out/ghdl/libraries/vunit_lib/
/home/talon/anaconda3/lib/python3.7/site-packages/vunit_hdl-4.4.0-py3.7.egg/vunit/vhdl/data_types/src/integer_vector_ptr_pool_pkg.vhd
>/home/talon/Documents/CASPERWORK/casper_dspdevel/r2SDF_fft/vunit_out/ghdl/libraries/vunit_lib/
/home/talon/anaconda3/lib/python3.7/site-packages/vunit_hdl-4.4.0-py3.7.egg/vunit/vhdl/data_types/src/string_ptr_pool_pkg.vhd
>/home/talon/Documents/CASPERWORK/casper_dspdevel/r2SDF_fft/vunit_out/ghdl/libraries/vunit_lib/
/home/talon/anaconda3/lib/python3.7/site-packages/vunit_hdl-4.4.0-py3.7.egg/vunit/vhdl/data_types/src/queue_pool_pkg.vhd
>/home/talon/Documents/CASPERWORK/casper_dspdevel/r2SDF_fft/vunit_out/ghdl/libraries/vunit_lib/
/home/talon/anaconda3/lib/python3.7/site-packages/vunit_hdl-4.4.0-py3.7.egg/vunit/vhdl/data_types/src/byte_vector_ptr_pkg.vhd
>/home/talon/Documents/CASPERWORK/casper_dspdevel/r2SDF_fft/vunit_out/ghdl/libraries/vunit_lib/
/home/talon/anaconda3/lib/python3.7/site-packages/vunit_hdl-4.4.0-py3.7.egg/vunit/vhdl/data_types/src/dict_pkg.vhd
>/home/talon/Documents/CASPERWORK/casper_dspdevel/r2SDF_fft/vunit_out/ghdl/libraries/vunit_lib/
/home/talon/anaconda3/lib/python3.7/site-packages/vunit_hdl-4.4.0-py3.7.egg/vunit/vhdl/data_types/src/data_types_context.vhd
>/home/talon/Documents/CASPERWORK/casper_dspdevel/r2SDF_fft/vunit_out/ghdl/libraries/vunit_lib/
/home/talon/anaconda3/lib/python3.7/site-packages/vunit_hdl-4.4.0-py3.7.egg/vunit/vhdl/string_ops/src/string_ops.vhd
>/home/talon/Documents/CASPERWORK/casper_dspdevel/r2SDF_fft/vunit_out/ghdl/libraries/vunit_lib/
/home/talon/anaconda3/lib/python3.7/site-packages/vunit_hdl-4.4.0-py3.7.egg/vunit/vhdl/logging/src/ansi_pkg.vhd
>/home/talon/Documents/CASPERWORK/casper_dspdevel/r2SDF_fft/vunit_out/ghdl/libraries/vunit_lib/
/home/talon/anaconda3/lib/python3.7/site-packages/vunit_hdl-4.4.0-py3.7.egg/vunit/vhdl/logging/src/log_levels_pkg.vhd
>/home/talon/Documents/CASPERWORK/casper_dspdevel/r2SDF_fft/vunit_out/ghdl/libraries/vunit_lib/
/home/talon/anaconda3/lib/python3.7/site-packages/vunit_hdl-4.4.0-py3.7.egg/vunit/vhdl/core/src/stop_pkg.vhd
>/etc/ghdl-llvm/lib/ghdl/std/v08/
../../src/std/env.vhdl
>/etc/ghdl-llvm/lib/ghdl/std/v08/
../../src/std/env-body.vhdl
>/home/talon/Documents/CASPERWORK/casper_dspdevel/r2SDF_fft/vunit_out/ghdl/libraries/vunit_lib/
/home/talon/anaconda3/lib/python3.7/site-packages/vunit_hdl-4.4.0-py3.7.egg/vunit/vhdl/core/src/stop_body_2008p.vhd
>/home/talon/Documents/CASPERWORK/casper_dspdevel/r2SDF_fft/vunit_out/ghdl/libraries/vunit_lib/
/home/talon/anaconda3/lib/python3.7/site-packages/vunit_hdl-4.4.0-py3.7.egg/vunit/vhdl/core/src/core_pkg.vhd
>/home/talon/Documents/CASPERWORK/casper_dspdevel/r2SDF_fft/vunit_out/ghdl/libraries/vunit_lib/
/home/talon/anaconda3/lib/python3.7/site-packages/vunit_hdl-4.4.0-py3.7.egg/vunit/vhdl/logging/src/log_levels_pkg-body.vhd
>/home/talon/Documents/CASPERWORK/casper_dspdevel/r2SDF_fft/vunit_out/ghdl/libraries/vunit_lib/
/home/talon/anaconda3/lib/python3.7/site-packages/vunit_hdl-4.4.0-py3.7.egg/vunit/vhdl/logging/src/log_handler_pkg.vhd
>/home/talon/Documents/CASPERWORK/casper_dspdevel/r2SDF_fft/vunit_out/ghdl/libraries/vunit_lib/
/home/talon/anaconda3/lib/python3.7/site-packages/vunit_hdl-4.4.0-py3.7.egg/vunit/vhdl/logging/src/file_pkg.vhd
>/home/talon/Documents/CASPERWORK/casper_dspdevel/r2SDF_fft/vunit_out/ghdl/libraries/vunit_lib/
/home/talon/anaconda3/lib/python3.7/site-packages/vunit_hdl-4.4.0-py3.7.egg/vunit/vhdl/logging/src/log_handler_pkg-body.vhd
>/home/talon/Documents/CASPERWORK/casper_dspdevel/r2SDF_fft/vunit_out/ghdl/libraries/vunit_lib/
/home/talon/anaconda3/lib/python3.7/site-packages/vunit_hdl-4.4.0-py3.7.egg/vunit/vhdl/logging/src/logger_pkg.vhd
>/home/talon/Documents/CASPERWORK/casper_dspdevel/r2SDF_fft/vunit_out/ghdl/libraries/vunit_lib/
/home/talon/anaconda3/lib/python3.7/site-packages/vunit_hdl-4.4.0-py3.7.egg/vunit/vhdl/logging/src/print_pkg.vhd
>/home/talon/Documents/CASPERWORK/casper_dspdevel/r2SDF_fft/vunit_out/ghdl/libraries/vunit_lib/
/home/talon/anaconda3/lib/python3.7/site-packages/vunit_hdl-4.4.0-py3.7.egg/vunit/vhdl/logging/src/print_pkg-body.vhd
>/home/talon/Documents/CASPERWORK/casper_dspdevel/r2SDF_fft/vunit_out/ghdl/libraries/vunit_lib/
/home/talon/anaconda3/lib/python3.7/site-packages/vunit_hdl-4.4.0-py3.7.egg/vunit/vhdl/logging/src/logger_pkg-body.vhd
>/home/talon/Documents/CASPERWORK/casper_dspdevel/r2SDF_fft/vunit_out/ghdl/libraries/vunit_lib/
/home/talon/anaconda3/lib/python3.7/site-packages/vunit_hdl-4.4.0-py3.7.egg/vunit/vhdl/dictionary/src/dictionary.vhd
>/home/talon/Documents/CASPERWORK/casper_dspdevel/r2SDF_fft/vunit_out/ghdl/libraries/vunit_lib/
/home/talon/anaconda3/lib/python3.7/site-packages/vunit_hdl-4.4.0-py3.7.egg/vunit/vhdl/path/src/path.vhd
>/home/talon/Documents/CASPERWORK/casper_dspdevel/r2SDF_fft/vunit_out/ghdl/libraries/vunit_lib/
/home/talon/anaconda3/lib/python3.7/site-packages/vunit_hdl-4.4.0-py3.7.egg/vunit/vhdl/logging/src/log_deprecated_pkg.vhd
>/home/talon/Documents/CASPERWORK/casper_dspdevel/r2SDF_fft/vunit_out/ghdl/libraries/vunit_lib/
/home/talon/anaconda3/lib/python3.7/site-packages/vunit_hdl-4.4.0-py3.7.egg/vunit/vhdl/check/src/checker_pkg.vhd
>/home/talon/Documents/CASPERWORK/casper_dspdevel/r2SDF_fft/vunit_out/ghdl/libraries/vunit_lib/
/home/talon/anaconda3/lib/python3.7/site-packages/vunit_hdl-4.4.0-py3.7.egg/vunit/vhdl/check/src/checker_pkg-body.vhd
>/home/talon/Documents/CASPERWORK/casper_dspdevel/r2SDF_fft/vunit_out/ghdl/libraries/vunit_lib/
/home/talon/anaconda3/lib/python3.7/site-packages/vunit_hdl-4.4.0-py3.7.egg/vunit/vhdl/check/src/check_api.vhd
>/home/talon/Documents/CASPERWORK/casper_dspdevel/r2SDF_fft/vunit_out/ghdl/libraries/vunit_lib/
/home/talon/anaconda3/lib/python3.7/site-packages/vunit_hdl-4.4.0-py3.7.egg/vunit/vhdl/check/src/check.vhd
>/home/talon/Documents/CASPERWORK/casper_dspdevel/r2SDF_fft/vunit_out/ghdl/libraries/vunit_lib/
/home/talon/anaconda3/lib/python3.7/site-packages/vunit_hdl-4.4.0-py3.7.egg/vunit/vhdl/check/src/check_deprecated_pkg.vhd
>/home/talon/Documents/CASPERWORK/casper_dspdevel/r2SDF_fft/vunit_out/ghdl/libraries/vunit_lib/
/home/talon/anaconda3/lib/python3.7/site-packages/vunit_hdl-4.4.0-py3.7.egg/vunit/vhdl/run/src/run_types.vhd
>/home/talon/Documents/CASPERWORK/casper_dspdevel/r2SDF_fft/vunit_out/ghdl/libraries/vunit_lib/
/home/talon/anaconda3/lib/python3.7/site-packages/vunit_hdl-4.4.0-py3.7.egg/vunit/vhdl/run/src/runner_pkg.vhd
>/home/talon/Documents/CASPERWORK/casper_dspdevel/r2SDF_fft/vunit_out/ghdl/libraries/vunit_lib/
/home/talon/anaconda3/lib/python3.7/site-packages/vunit_hdl-4.4.0-py3.7.egg/vunit/vhdl/run/src/run_api.vhd
>/home/talon/Documents/CASPERWORK/casper_dspdevel/r2SDF_fft/vunit_out/ghdl/libraries/vunit_lib/
/home/talon/anaconda3/lib/python3.7/site-packages/vunit_hdl-4.4.0-py3.7.egg/vunit/vhdl/run/src/run.vhd
>/home/talon/Documents/CASPERWORK/casper_dspdevel/r2SDF_fft/vunit_out/ghdl/libraries/vunit_lib/
/home/talon/anaconda3/lib/python3.7/site-packages/vunit_hdl-4.4.0-py3.7.egg/vunit/vhdl/run/src/run_deprecated_pkg.vhd
>/home/talon/Documents/CASPERWORK/casper_dspdevel/r2SDF_fft/vunit_out/ghdl/libraries/vunit_lib/
/home/talon/anaconda3/lib/python3.7/site-packages/vunit_hdl-4.4.0-py3.7.egg/vunit/vhdl/vunit_context.vhd
>/home/talon/Documents/CASPERWORK/casper_dspdevel/r2SDF_fft/vunit_out/ghdl/libraries/r2sdf_fft_lib/
/home/talon/Documents/CASPERWORK/casper_dspdevel/r2SDF_fft/rTwoSDF_tb.vhd
>/home/talon/Documents/CASPERWORK/casper_dspdevel/r2SDF_fft/vunit_out/ghdl/libraries/r2sdf_fft_lib/
/home/talon/Documents/CASPERWORK/casper_dspdevel/r2SDF_fft/rTwoSDF.vhd
>/home/talon/Documents/CASPERWORK/casper_dspdevel/r2SDF_fft/vunit_out/ghdl/libraries/r2sdf_fft_lib/
/home/talon/Documents/CASPERWORK/casper_dspdevel/r2SDF_fft/rTwoSDFStage.vhd
>/home/talon/Documents/CASPERWORK/casper_dspdevel/r2SDF_fft/vunit_out/ghdl/libraries/casper_counter_lib/
/home/talon/Documents/CASPERWORK/casper_dspdevel/casper_counter/common_counter.vhd
>/home/talon/Documents/CASPERWORK/casper_dspdevel/r2SDF_fft/vunit_out/ghdl/libraries/r2sdf_fft_lib/
/home/talon/Documents/CASPERWORK/casper_dspdevel/r2SDF_fft/rTwoBFStage.vhd
>/home/talon/Documents/CASPERWORK/casper_dspdevel/r2SDF_fft/vunit_out/ghdl/libraries/r2sdf_fft_lib/
/home/talon/Documents/CASPERWORK/casper_dspdevel/r2SDF_fft/rTwoBF.vhd
>/home/talon/Documents/CASPERWORK/casper_dspdevel/r2SDF_fft/vunit_out/ghdl/libraries/common_components_lib/
/home/talon/Documents/CASPERWORK/casper_dspdevel/casper_common_components/common_delay.vhd
>/home/talon/Documents/CASPERWORK/casper_dspdevel/r2SDF_fft/vunit_out/ghdl/libraries/common_components_lib/
/home/talon/Documents/CASPERWORK/casper_dspdevel/casper_common_components/common_bit_delay.vhd
>/home/talon/Documents/CASPERWORK/casper_dspdevel/r2SDF_fft/vunit_out/ghdl/libraries/common_components_lib/
/home/talon/Documents/CASPERWORK/casper_dspdevel/casper_common_components/common_pipeline.vhd
>/home/talon/Documents/CASPERWORK/casper_dspdevel/r2SDF_fft/vunit_out/ghdl/libraries/common_components_lib/
/home/talon/Documents/CASPERWORK/casper_dspdevel/casper_common_components/common_pipeline_sl.vhd
>/home/talon/Documents/CASPERWORK/casper_dspdevel/r2SDF_fft/vunit_out/ghdl/libraries/r2sdf_fft_lib/
/home/talon/Documents/CASPERWORK/casper_dspdevel/r2SDF_fft/rTwoWeights.vhd
>/home/talon/Documents/CASPERWORK/casper_dspdevel/r2SDF_fft/vunit_out/ghdl/libraries/r2sdf_fft_lib/
/home/talon/Documents/CASPERWORK/casper_dspdevel/r2SDF_fft/rTwoWMul.vhd
>/home/talon/Documents/CASPERWORK/casper_dspdevel/r2SDF_fft/vunit_out/ghdl/libraries/casper_multiplier_lib/
/home/talon/Documents/CASPERWORK/casper_dspdevel/casper_multiplier/common_complex_mult.vhd
>/home/talon/Documents/CASPERWORK/casper_dspdevel/r2SDF_fft/vunit_out/ghdl/libraries/casper_multiplier_lib/
/home/talon/Documents/CASPERWORK/casper_dspdevel/casper_multiplier/tech_mult_component.vhd
>/home/talon/Documents/CASPERWORK/casper_dspdevel/r2SDF_fft/vunit_out/ghdl/libraries/casper_multiplier_lib/
/home/talon/Documents/CASPERWORK/casper_dspdevel/casper_multiplier/tech_complex_mult.vhd
>/home/talon/Documents/CASPERWORK/casper_dspdevel/r2SDF_fft/vunit_out/ghdl/libraries/casper_requantize_lib/
/home/talon/Documents/CASPERWORK/casper_dspdevel/casper_requantizer/common_requantize.vhd
>/home/talon/Documents/CASPERWORK/casper_dspdevel/r2SDF_fft/vunit_out/ghdl/libraries/casper_requantize_lib/
/home/talon/Documents/CASPERWORK/casper_dspdevel/casper_requantizer/common_round.vhd
>/home/talon/Documents/CASPERWORK/casper_dspdevel/r2SDF_fft/vunit_out/ghdl/libraries/casper_requantize_lib/
/home/talon/Documents/CASPERWORK/casper_dspdevel/casper_requantizer/common_resize.vhd
>/home/talon/Documents/CASPERWORK/casper_dspdevel/r2SDF_fft/vunit_out/ghdl/libraries/casper_ram_lib/
/home/talon/Documents/CASPERWORK/casper_dspdevel/casper_ram/common_ram_pkg.vhd
>/home/talon/Documents/CASPERWORK/casper_dspdevel/r2SDF_fft/vunit_out/ghdl/libraries/r2sdf_fft_lib/
/home/talon/Documents/CASPERWORK/casper_dspdevel/r2SDF_fft/rTwoOrder.vhd
>/home/talon/Documents/CASPERWORK/casper_dspdevel/r2SDF_fft/vunit_out/ghdl/libraries/casper_ram_lib/
/home/talon/Documents/CASPERWORK/casper_dspdevel/casper_ram/common_paged_ram_r_w.vhd
>/home/talon/Documents/CASPERWORK/casper_dspdevel/r2SDF_fft/vunit_out/ghdl/libraries/casper_ram_lib/
/home/talon/Documents/CASPERWORK/casper_dspdevel/casper_ram/common_paged_ram_rw_rw.vhd
>/home/talon/Documents/CASPERWORK/casper_dspdevel/r2SDF_fft/vunit_out/ghdl/libraries/casper_ram_lib/
/home/talon/Documents/CASPERWORK/casper_dspdevel/casper_ram/common_paged_ram_crw_crw.vhd
>/home/talon/Documents/CASPERWORK/casper_dspdevel/r2SDF_fft/vunit_out/ghdl/libraries/casper_ram_lib/
/home/talon/Documents/CASPERWORK/casper_dspdevel/casper_ram/common_ram_crw_crw.vhd
>/home/talon/Documents/CASPERWORK/casper_dspdevel/r2SDF_fft/vunit_out/ghdl/libraries/casper_ram_lib/
/home/talon/Documents/CASPERWORK/casper_dspdevel/casper_ram/tech_memory_component_pkg.vhd
>/home/talon/Documents/CASPERWORK/casper_dspdevel/r2SDF_fft/vunit_out/ghdl/libraries/casper_ram_lib/
/home/talon/Documents/CASPERWORK/casper_dspdevel/casper_ram/tech_memory_ram_crw_crw.vhd
>/home/talon/Documents/CASPERWORK/casper_dspdevel/r2SDF_fft/vunit_out/ghdl/libraries/casper_ram_lib/
/home/talon/Documents/CASPERWORK/casper_dspdevel/casper_ram/tech_memory_ram_cr_cw.vhd
